MemTotal:        7932140 kB
MemFree:          198128 kB
MemAvailable:    2139692 kB
Buffers:             968 kB
Cached:          1768992 kB
SwapCached:       283608 kB
Active:          3707668 kB
Inactive:        1580800 kB
Active(anon):    2776008 kB
Inactive(anon):   603884 kB
Active(file):     931660 kB
Inactive(file):   976916 kB
Unevictable:      221096 kB
Vital:            546932 kB
Staple:                0 kB
Mlocked:          221096 kB
SwapTotal:       6291452 kB
SwapFree:        4444260 kB
Dirty:             17024 kB
Writeback:            88 kB
AnonPages:       3345028 kB
Mapped:          1331296 kB
Shmem:             31488 kB
KReclaimable:     191216 kB
Slab:             480736 kB
SReclaimable:     172056 kB
SUnreclaim:       308680 kB
KernelStack:      132064 kB
PageTables:       219664 kB
NFS_Unstable:          0 kB
Bounce:                0 kB
WritebackTmp:          0 kB
CommitLimit:    10257520 kB
Committed_AS:   182877628 kB
VmallocTotal:   263061440 kB
VmallocUsed:      289092 kB
VmallocChunk:          0 kB
CmaTotal:         393216 kB
CmaFree:           80160 kB

